(python3.11) D:\Vin\projects\A20-App-005\src\agents\bot-pregnant>docker compose up --build
[+] Building 2626.4s (21/21) FINISHED
 => [internal] load local bake definitions                                           0.0s
 => => reading from stdin 540B                                                       0.0s
 => [internal] load build definition from Dockerfile                                 0.1s
 => => transferring dockerfile: 1.89kB                                               0.0s
 => [internal] load metadata for docker.io/library/python:3.11-slim                  2.3s
 => [auth] library/python:pull token for registry-1.docker.io                        0.0s
 => [internal] load .dockerignore                                                    0.0s
 => => transferring context: 2B                                                      0.0s
 => [deps 1/6] FROM docker.io/library/python:3.11-slim@sha256:6d85378d88a19cd4d7607  0.0s
 => => resolve docker.io/library/python:3.11-slim@sha256:6d85378d88a19cd4d760798175  0.0s
 => [internal] load build context                                                  167.2s
 => => transferring context: 3.94GB                                                167.2s
 => CACHED [deps 2/6] WORKDIR /tmp                                                   0.0s
 => CACHED [deps 3/6] RUN apt-get update && apt-get install -y --no-install-recomme  0.0s
 => [deps 4/6] COPY requirements.txt ./requirements.txt                              0.2s
 => [deps 5/6] RUN python -m venv /opt/venv                                          9.0s
 => [deps 6/6] RUN pip install --no-cache-dir -r requirements.txt                 1318.1s
 => CACHED [runtime 2/8] WORKDIR /app                                                0.0s
 => [runtime 3/8] COPY --from=deps /opt/venv /opt/venv                             158.7s
 => [runtime 4/8] COPY src/backend/ ./                                              88.8s
 => [runtime 5/8] COPY src/agents/bot-pregnant/ ./agents/bot-pregnant/              15.0s
 => [runtime 6/8] COPY src/agents/__init__.py ./agents/__init__.py                   0.1s
 => [runtime 7/8] COPY src/agents/optimization_food/ ./agents/optimization_food/     3.3s
 => [runtime 8/8] RUN mkdir -p ./agents/bot-pregnant/data/vectordb                   1.4s
 => exporting to image                                                             830.8s
 => => exporting layers                                                            557.9s
 => => exporting manifest sha256:2d0fe778c8aff866328111edaf6e043cd164d7f37671965547  0.1s
 => => exporting config sha256:8a48a28eadc5971e4286e0c75a6c540d4b8cac47bc05915c7bdc  0.0s
 => => exporting attestation manifest sha256:7f14c1879a1783f82a50fee015299604dd0c01  0.1s
 => => exporting manifest list sha256:bfe5130b85ba8eab7aecdd6fb623e72062e1a9ac5ae40  0.0s
 => => naming to docker.io/library/a20-app-005-backend:latest                        0.0s
 => => unpacking to docker.io/library/a20-app-005-backend:latest                   272.5s
 => resolving provenance for metadata file                                           0.1s
[+] Running 4/4
 ✔ a20-app-005-backend          Built                                                0.0s
 ✔ Network a20-app-005_default  Created                                              0.4s
 ✔ Container nestai-ollama      Created                                              2.1s
 ✔ Container nestai-backend     Created                                              0.3s
Attaching to nestai-backend, nestai-ollama
nestai-ollama  | time=2026-04-28T13:36:23.793Z level=INFO source=routes.go:1752 msg="server config" env="map[CUDA_VISIBLE_DEVICES:0 GGML_VK_VISIBLE_DEVICES: GPU_DEVICE_ORDINAL: HIP_VISIBLE_DEVICES: HSA_OVERRIDE_GFX_VERSION: HTTPS_PROXY: HTTP_PROXY: NO_PROXY: OLLAMA_CONTEXT_LENGTH:0 OLLAMA_DEBUG:INFO OLLAMA_DEBUG_LOG_REQUESTS:false OLLAMA_EDITOR: OLLAMA_FLASH_ATTENTION:false OLLAMA_GPU_OVERHEAD:0 OLLAMA_HOST:http://0.0.0.0:11434 OLLAMA_KEEP_ALIVE:5m0s OLLAMA_KV_CACHE_TYPE: OLLAMA_LLM_LIBRARY: OLLAMA_LOAD_TIMEOUT:5m0s OLLAMA_MAX_LOADED_MODELS:0 OLLAMA_MAX_QUEUE:512 OLLAMA_MODELS:/root/.ollama/models OLLAMA_MULTIUSER_CACHE:false OLLAMA_NEW_ENGINE:false OLLAMA_NOHISTORY:false OLLAMA_NOPRUNE:false OLLAMA_NO_CLOUD:false OLLAMA_NUM_PARALLEL:1 OLLAMA_ORIGINS:[http://localhost https://localhost http://localhost:* https://localhost:* http://127.0.0.1 https://127.0.0.1 http://127.0.0.1:* https://127.0.0.1:* http://0.0.0.0 https://0.0.0.0 http://0.0.0.0:* https://0.0.0.0:* app://* file://* tauri://* vscode-webview://* vscode-file://*] OLLAMA_REMOTES:[ollama.com] OLLAMA_SCHED_SPREAD:false OLLAMA_VULKAN:false ROCR_VISIBLE_DEVICES: http_proxy: https_proxy: no_proxy:]"
nestai-ollama  | time=2026-04-28T13:36:23.793Z level=INFO source=routes.go:1754 msg="Ollama cloud disabled: false"
nestai-ollama  | time=2026-04-28T13:36:23.818Z level=INFO source=images.go:517 msg="total blobs: 5"
nestai-ollama  | time=2026-04-28T13:36:23.823Z level=INFO source=images.go:524 msg="total unused blobs removed: 0"
nestai-ollama  | time=2026-04-28T13:36:23.827Z level=INFO source=routes.go:1810 msg="Listening on [::]:11434 (version 0.21.2)"
nestai-ollama  | time=2026-04-28T13:36:23.864Z level=INFO source=runner.go:67 msg="discovering available GPUs..."
nestai-ollama  | time=2026-04-28T13:36:23.880Z level=WARN source=runner.go:485 msg="user overrode visible devices" CUDA_VISIBLE_DEVICES=0
nestai-ollama  | time=2026-04-28T13:36:23.881Z level=WARN source=runner.go:489 msg="if GPUs are not correctly discovered, unset and try again"
nestai-ollama  | time=2026-04-28T13:36:23.894Z level=INFO source=server.go:444 msg="starting runner" cmd="/usr/bin/ollama runner --ollama-engine --port 39211"
nestai-backend  | INFO:     Will watch for changes in these directories: ['/app']
nestai-backend  | INFO:     Uvicorn running on http://0.0.0.0:8000 (Press CTRL+C to quit)
nestai-backend  | INFO:     Started reloader process [1] using WatchFiles
nestai-ollama   | time=2026-04-28T13:36:33.582Z level=INFO source=server.go:444 msg="starting runner" cmd="/usr/bin/ollama runner --ollama-engine --port 45079"
nestai-ollama   | time=2026-04-28T13:36:36.871Z level=INFO source=runner.go:106 msg="experimental Vulkan support disabled.  To enable, set OLLAMA_VULKAN=1"
nestai-ollama   | time=2026-04-28T13:36:36.878Z level=INFO source=server.go:444 msg="starting runner" cmd="/usr/bin/ollama runner --ollama-engine --port 42071"
nestai-ollama   | time=2026-04-28T13:36:37.793Z level=INFO source=types.go:42 msg="inference compute" id=GPU-1e7167e5-42eb-fe51-4292-7770b63555ec filter_id="" library=CUDA compute=8.9 name=CUDA0 description="NVIDIA GeForce RTX 4060 Laptop GPU" libdirs=ollama,cuda_v12 driver=12.9 pci_id=0000:01:00.0 type=discrete total="8.0 GiB" available="7.8 GiB"
nestai-ollama   | time=2026-04-28T13:36:37.795Z level=INFO source=routes.go:1860 msg="vram-based default context" total_vram="8.0 GiB" default_num_ctx=4096
nestai-backend  | INFO:     Started server process [8]
nestai-backend  | INFO:     Waiting for application startup.
nestai-backend  |  Backend starting...
nestai-backend  | INFO:     Application startup complete.
nestai-backend  | INFO:     172.18.0.1:53366 - "OPTIONS /api/bot-pregnant/query HTTP/1.1" 200 OK
nestai-backend  | [BOT] Query received: hello
nestai-backend  | [BOT] Loading vector DB from: /app/agents/bot-pregnant/data/vectordb
Loading weights: 100%|██████████| 391/391 [00:00<00:00, 7524.78it/s]
nestai-backend  | [BOT] Vector DB loaded successfully
nestai-backend  | [BOT] Retriever initialized
nestai-backend  | [BOT] LLM initialized
nestai-backend  | [BOT] Retrieving documents...
nestai-backend  | [BOT] Retrieved 0 documents
nestai-backend  | [BOT] Context length: 0
nestai-backend  | [BOT] Invoking LLM...
nestai-ollama   | time=2026-04-28T13:40:15.089Z level=INFO source=server.go:444 msg="starting runner" cmd="/usr/bin/ollama runner --ollama-engine --port 41325"
nestai-ollama   | time=2026-04-28T13:40:18.077Z level=INFO source=runner.go:464 msg="failure during GPU discovery" OLLAMA_LIBRARY_PATH="[/usr/lib/ollama /usr/lib/ollama/cuda_v12]" extra_envs=map[] error="failed to finish discovery before timeout"
nestai-ollama   | time=2026-04-28T13:40:18.078Z level=WARN source=runner.go:356 msg="unable to refresh free memory, using old values"
nestai-ollama   | time=2026-04-28T13:40:18.089Z level=WARN source=cpu_linux.go:130 msg="failed to parse CPU allowed micro secs" error="strconv.ParseInt: parsing \"max\": invalid syntax"
nestai-ollama   | llama_model_loader: loaded meta data with 29 key-value pairs and 292 tensors from /root/.ollama/models/blobs/sha256-667b0c1932bc6ffc593ed1d03f895bf2dc8dc6df21db3042284a6f4416b06a29 (version GGUF V3 (latest))
nestai-ollama   | llama_model_loader: Dumping metadata keys/values. Note: KV overrides do not apply in this output.
nestai-ollama   | llama_model_loader: - kv   0:                       general.architecture str              = llama
nestai-ollama   | llama_model_loader: - kv   1:                               general.type str              = model
nestai-ollama   | llama_model_loader: - kv   2:                               general.name str              = Meta Llama 3.1 8B Instruct
nestai-ollama   | llama_model_loader: - kv   3:                           general.finetune str              = Instruct
nestai-ollama   | llama_model_loader: - kv   4:                           general.basename str              = Meta-Llama-3.1
nestai-ollama   | llama_model_loader: - kv   5:                         general.size_label str              = 8B
nestai-ollama   | llama_model_loader: - kv   6:                            general.license str              = llama3.1
nestai-ollama   | llama_model_loader: - kv   7:                               general.tags arr[str,6]       = ["facebook", "meta", "pytorch", "llam...
nestai-ollama   | llama_model_loader: - kv   8:                          general.languages arr[str,8]       = ["en", "de", "fr", "it", "pt", "hi", ...
nestai-ollama   | llama_model_loader: - kv   9:                          llama.block_count u32              = 32
nestai-ollama   | llama_model_loader: - kv  10:                       llama.context_length u32              = 131072
nestai-ollama   | llama_model_loader: - kv  11:                     llama.embedding_length u32              = 4096
nestai-ollama   | llama_model_loader: - kv  12:                  llama.feed_forward_length u32              = 14336
nestai-ollama   | llama_model_loader: - kv  13:                 llama.attention.head_count u32              = 32
nestai-ollama   | llama_model_loader: - kv  14:              llama.attention.head_count_kv u32              = 8
nestai-ollama   | llama_model_loader: - kv  15:                       llama.rope.freq_base f32              = 500000.000000
nestai-ollama   | llama_model_loader: - kv  16:     llama.attention.layer_norm_rms_epsilon f32              = 0.000010
nestai-ollama   | llama_model_loader: - kv  17:                          general.file_type u32              = 15
nestai-ollama   | llama_model_loader: - kv  18:                           llama.vocab_size u32              = 128256
nestai-ollama   | llama_model_loader: - kv  19:                 llama.rope.dimension_count u32              = 128
nestai-ollama   | llama_model_loader: - kv  20:                       tokenizer.ggml.model str              = gpt2
nestai-ollama   | llama_model_loader: - kv  21:                         tokenizer.ggml.pre str              = llama-bpe
nestai-ollama   | llama_model_loader: - kv  22:                      tokenizer.ggml.tokens arr[str,128256]  = ["!", "\"", "#", "$", "%", "&", "'", ...
nestai-ollama   | llama_model_loader: - kv  23:                  tokenizer.ggml.token_type arr[i32,128256]  = [1, 1, 1, 1, 1, 1, 1, 1, 1, 1, 1, 1, ...
nestai-ollama   | llama_model_loader: - kv  24:                      tokenizer.ggml.merges arr[str,280147]  = ["Ġ Ġ", "Ġ ĠĠĠ", "ĠĠ ĠĠ", "...
nestai-ollama   | llama_model_loader: - kv  25:                tokenizer.ggml.bos_token_id u32              = 128000
nestai-ollama   | llama_model_loader: - kv  26:                tokenizer.ggml.eos_token_id u32              = 128009
nestai-ollama   | llama_model_loader: - kv  27:                    tokenizer.chat_template str              = {{- bos_token }}\n{%- if custom_tools ...
nestai-ollama   | llama_model_loader: - kv  28:               general.quantization_version u32              = 2
nestai-ollama   | llama_model_loader: - type  f32:   66 tensors
nestai-ollama   | llama_model_loader: - type q4_K:  193 tensors
nestai-ollama   | llama_model_loader: - type q6_K:   33 tensors
nestai-ollama   | print_info: file format = GGUF V3 (latest)
nestai-ollama   | print_info: file type   = Q4_K - Medium
nestai-ollama   | print_info: file size   = 4.58 GiB (4.89 BPW)
nestai-ollama   | load: printing all EOG tokens:
nestai-ollama   | load:   - 128001 ('<|end_of_text|>')
nestai-ollama   | load:   - 128008 ('<|eom_id|>')
nestai-ollama   | load:   - 128009 ('<|eot_id|>')
nestai-ollama   | load: special tokens cache size = 256
nestai-ollama   | load: token to piece cache size = 0.7999 MB
nestai-ollama   | print_info: arch             = llama
nestai-ollama   | print_info: vocab_only       = 1
nestai-ollama   | print_info: no_alloc         = 0
nestai-ollama   | print_info: model type       = ?B
nestai-ollama   | print_info: model params     = 8.03 B
nestai-ollama   | print_info: general.name     = Meta Llama 3.1 8B Instruct
nestai-ollama   | print_info: vocab type       = BPE
nestai-ollama   | print_info: n_vocab          = 128256
nestai-ollama   | print_info: n_merges         = 280147
nestai-ollama   | print_info: BOS token        = 128000 '<|begin_of_text|>'
nestai-ollama   | print_info: EOS token        = 128009 '<|eot_id|>'
nestai-ollama   | print_info: EOT token        = 128009 '<|eot_id|>'
nestai-ollama   | print_info: EOM token        = 128008 '<|eom_id|>'
nestai-ollama   | print_info: LF token         = 198 'Ċ'
nestai-ollama   | print_info: EOG token        = 128001 '<|end_of_text|>'
nestai-ollama   | print_info: EOG token        = 128008 '<|eom_id|>'
nestai-ollama   | print_info: EOG token        = 128009 '<|eot_id|>'
nestai-ollama   | print_info: max token length = 256
nestai-ollama   | llama_model_load: vocab only - skipping tensors
nestai-ollama   | time=2026-04-28T13:40:19.143Z level=INFO source=server.go:444 msg="starting runner" cmd="/usr/bin/ollama runner --model /root/.ollama/models/blobs/sha256-667b0c1932bc6ffc593ed1d03f895bf2dc8dc6df21db3042284a6f4416b06a29 --port 41533"
nestai-ollama   | time=2026-04-28T13:40:19.146Z level=INFO source=sched.go:484 msg="system memory" total="9.7 GiB" free="9.4 GiB" free_swap="3.8 GiB"
nestai-ollama   | time=2026-04-28T13:40:19.146Z level=INFO source=sched.go:491 msg="gpu memory" id=GPU-1e7167e5-42eb-fe51-4292-7770b63555ec library=CUDA available="7.3 GiB" free="7.8 GiB" minimum="457.0 MiB" overhead="0 B"
nestai-ollama   | time=2026-04-28T13:40:19.147Z level=INFO source=server.go:511 msg="loading model" "model layers"=33 requested=-1
nestai-ollama   | time=2026-04-28T13:40:19.153Z level=INFO source=device.go:240 msg="model weights" device=CUDA0 size="4.3 GiB"
nestai-ollama   | time=2026-04-28T13:40:19.154Z level=INFO source=device.go:251 msg="kv cache" device=CUDA0 size="512.0 MiB"
nestai-ollama   | time=2026-04-28T13:40:19.154Z level=INFO source=device.go:262 msg="compute graph" device=CUDA0 size="296.0 MiB"
nestai-ollama   | time=2026-04-28T13:40:19.154Z level=INFO source=device.go:272 msg="total memory" size="5.1 GiB"
nestai-ollama   | time=2026-04-28T13:40:19.226Z level=INFO source=runner.go:965 msg="starting go runner"
nestai-ollama   | load_backend: loaded CPU backend from /usr/lib/ollama/libggml-cpu-icelake.so
nestai-ollama   | ggml_cuda_init: GGML_CUDA_FORCE_MMQ:    no
nestai-ollama   | ggml_cuda_init: GGML_CUDA_FORCE_CUBLAS: no
nestai-ollama   | ggml_cuda_init: found 1 CUDA devices:
nestai-ollama   |   Device 0: NVIDIA GeForce RTX 4060 Laptop GPU, compute capability 8.9, VMM: yes, ID: GPU-1e7167e5-42eb-fe51-4292-7770b63555ec
nestai-ollama   | load_backend: loaded CUDA backend from /usr/lib/ollama/cuda_v12/libggml-cuda.so
nestai-ollama   | time=2026-04-28T13:40:22.586Z level=INFO source=ggml.go:104 msg=system CPU.0.SSE3=1 CPU.0.SSSE3=1 CPU.0.AVX=1 CPU.0.AVX2=1 CPU.0.F16C=1 CPU.0.FMA=1 CPU.0.BMI2=1 CPU.0.AVX512=1 CPU.0.AVX512_VBMI=1 CPU.0.AVX512_VNNI=1 CPU.0.LLAMAFILE=1 CPU.1.LLAMAFILE=1 CUDA.0.ARCHS=500,520,600,610,700,750,800,860,890,900,1200 CUDA.0.USE_GRAPHS=1 CUDA.0.PEER_MAX_BATCH_SIZE=128 compiler=cgo(gcc)
nestai-ollama   | time=2026-04-28T13:40:22.650Z level=INFO source=runner.go:1001 msg="Server listening on 127.0.0.1:41533"
nestai-ollama   | time=2026-04-28T13:40:22.681Z level=INFO source=runner.go:895 msg=load request="{Operation:commit LoraPath:[] Parallel:1 BatchSize:512 FlashAttention:Auto KvSize:4096 KvCacheType: NumThreads:2 GPULayers:33[ID:GPU-1e7167e5-42eb-fe51-4292-7770b63555ec Layers:33(0..32)] MultiUserCache:false ProjectorPath: MainGPU:0 UseMmap:true}"
nestai-ollama   | time=2026-04-28T13:40:22.684Z level=INFO source=server.go:1364 msg="waiting for llama runner to start responding"
nestai-ollama   | time=2026-04-28T13:40:22.686Z level=INFO source=server.go:1398 msg="waiting for server to become available" status="llm server loading model"
nestai-ollama   | ggml_backend_cuda_device_get_memory device GPU-1e7167e5-42eb-fe51-4292-7770b63555ec utilizing NVML memory reporting free: 8342994944 total: 8585740288
nestai-ollama   | llama_model_load_from_file_impl: using device CUDA0 (NVIDIA GeForce RTX 4060 Laptop GPU) (0000:01:00.0) - 7956 MiB free
nestai-ollama   | llama_model_loader: loaded meta data with 29 key-value pairs and 292 tensors from /root/.ollama/models/blobs/sha256-667b0c1932bc6ffc593ed1d03f895bf2dc8dc6df21db3042284a6f4416b06a29 (version GGUF V3 (latest))
nestai-ollama   | llama_model_loader: Dumping metadata keys/values. Note: KV overrides do not apply in this output.
nestai-ollama   | llama_model_loader: - kv   0:                       general.architecture str              = llama
nestai-ollama   | llama_model_loader: - kv   1:                               general.type str              = model
nestai-ollama   | llama_model_loader: - kv   2:                               general.name str              = Meta Llama 3.1 8B Instruct
nestai-ollama   | llama_model_loader: - kv   3:                           general.finetune str              = Instruct
nestai-ollama   | llama_model_loader: - kv   4:                           general.basename str              = Meta-Llama-3.1
nestai-ollama   | llama_model_loader: - kv   5:                         general.size_label str              = 8B
nestai-ollama   | llama_model_loader: - kv   6:                            general.license str              = llama3.1
nestai-ollama   | llama_model_loader: - kv   7:                               general.tags arr[str,6]       = ["facebook", "meta", "pytorch", "llam...
nestai-ollama   | llama_model_loader: - kv   8:                          general.languages arr[str,8]       = ["en", "de", "fr", "it", "pt", "hi", ...
nestai-ollama   | llama_model_loader: - kv   9:                          llama.block_count u32              = 32
nestai-ollama   | llama_model_loader: - kv  10:                       llama.context_length u32              = 131072
nestai-ollama   | llama_model_loader: - kv  11:                     llama.embedding_length u32              = 4096
nestai-ollama   | llama_model_loader: - kv  12:                  llama.feed_forward_length u32              = 14336
nestai-ollama   | llama_model_loader: - kv  13:                 llama.attention.head_count u32              = 32
nestai-ollama   | llama_model_loader: - kv  14:              llama.attention.head_count_kv u32              = 8
nestai-ollama   | llama_model_loader: - kv  15:                       llama.rope.freq_base f32              = 500000.000000
nestai-ollama   | llama_model_loader: - kv  16:     llama.attention.layer_norm_rms_epsilon f32              = 0.000010
nestai-ollama   | llama_model_loader: - kv  17:                          general.file_type u32              = 15
nestai-ollama   | llama_model_loader: - kv  18:                           llama.vocab_size u32              = 128256
nestai-ollama   | llama_model_loader: - kv  19:                 llama.rope.dimension_count u32              = 128
nestai-ollama   | llama_model_loader: - kv  20:                       tokenizer.ggml.model str              = gpt2
nestai-ollama   | llama_model_loader: - kv  21:                         tokenizer.ggml.pre str              = llama-bpe
nestai-ollama   | llama_model_loader: - kv  22:                      tokenizer.ggml.tokens arr[str,128256]  = ["!", "\"", "#", "$", "%", "&", "'", ...
nestai-ollama   | llama_model_loader: - kv  23:                  tokenizer.ggml.token_type arr[i32,128256]  = [1, 1, 1, 1, 1, 1, 1, 1, 1, 1, 1, 1, ...
nestai-ollama   | llama_model_loader: - kv  24:                      tokenizer.ggml.merges arr[str,280147]  = ["Ġ Ġ", "Ġ ĠĠĠ", "ĠĠ ĠĠ", "...
nestai-ollama   | llama_model_loader: - kv  25:                tokenizer.ggml.bos_token_id u32              = 128000
nestai-ollama   | llama_model_loader: - kv  26:                tokenizer.ggml.eos_token_id u32              = 128009
nestai-ollama   | llama_model_loader: - kv  27:                    tokenizer.chat_template str              = {{- bos_token }}\n{%- if custom_tools ...
nestai-ollama   | llama_model_loader: - kv  28:               general.quantization_version u32              = 2
nestai-ollama   | llama_model_loader: - type  f32:   66 tensors
nestai-ollama   | llama_model_loader: - type q4_K:  193 tensors
nestai-ollama   | llama_model_loader: - type q6_K:   33 tensors
nestai-ollama   | print_info: file format = GGUF V3 (latest)
nestai-ollama   | print_info: file type   = Q4_K - Medium
nestai-ollama   | print_info: file size   = 4.58 GiB (4.89 BPW)
nestai-ollama   | load: printing all EOG tokens:
nestai-ollama   | load:   - 128001 ('<|end_of_text|>')
nestai-ollama   | load:   - 128008 ('<|eom_id|>')
nestai-ollama   | load:   - 128009 ('<|eot_id|>')
nestai-ollama   | load: special tokens cache size = 256
nestai-ollama   | load: token to piece cache size = 0.7999 MB
nestai-ollama   | print_info: arch             = llama
nestai-ollama   | print_info: vocab_only       = 0
nestai-ollama   | print_info: no_alloc         = 0
nestai-ollama   | print_info: n_ctx_train      = 131072
nestai-ollama   | print_info: n_embd           = 4096
nestai-ollama   | print_info: n_embd_inp       = 4096
nestai-ollama   | print_info: n_layer          = 32
nestai-ollama   | print_info: n_head           = 32
nestai-ollama   | print_info: n_head_kv        = 8
nestai-ollama   | print_info: n_rot            = 128
nestai-ollama   | print_info: n_swa            = 0
nestai-ollama   | print_info: is_swa_any       = 0
nestai-ollama   | print_info: n_embd_head_k    = 128
nestai-ollama   | print_info: n_embd_head_v    = 128
nestai-ollama   | print_info: n_gqa            = 4
nestai-ollama   | print_info: n_embd_k_gqa     = 1024
nestai-ollama   | print_info: n_embd_v_gqa     = 1024
nestai-ollama   | print_info: f_norm_eps       = 0.0e+00
nestai-ollama   | print_info: f_norm_rms_eps   = 1.0e-05
nestai-ollama   | print_info: f_clamp_kqv      = 0.0e+00
nestai-ollama   | print_info: f_max_alibi_bias = 0.0e+00
nestai-ollama   | print_info: f_logit_scale    = 0.0e+00
nestai-ollama   | print_info: f_attn_scale     = 0.0e+00
nestai-ollama   | print_info: n_ff             = 14336
nestai-ollama   | print_info: n_expert         = 0
nestai-ollama   | print_info: n_expert_used    = 0
nestai-ollama   | print_info: n_expert_groups  = 0
nestai-ollama   | print_info: n_group_used     = 0
nestai-ollama   | print_info: causal attn      = 1
nestai-ollama   | print_info: pooling type     = 0
nestai-ollama   | print_info: rope type        = 0
nestai-ollama   | print_info: rope scaling     = linear
nestai-ollama   | print_info: freq_base_train  = 500000.0
nestai-ollama   | print_info: freq_scale_train = 1
nestai-ollama   | print_info: n_ctx_orig_yarn  = 131072
nestai-ollama   | print_info: rope_yarn_log_mul= 0.0000
nestai-ollama   | print_info: rope_finetuned   = unknown
nestai-ollama   | print_info: model type       = 8B
nestai-ollama   | print_info: model params     = 8.03 B
nestai-ollama   | print_info: general.name     = Meta Llama 3.1 8B Instruct
nestai-ollama   | print_info: vocab type       = BPE
nestai-ollama   | print_info: n_vocab          = 128256
nestai-ollama   | print_info: n_merges         = 280147
nestai-ollama   | print_info: BOS token        = 128000 '<|begin_of_text|>'
nestai-ollama   | print_info: EOS token        = 128009 '<|eot_id|>'
nestai-ollama   | print_info: EOT token        = 128009 '<|eot_id|>'
nestai-ollama   | print_info: EOM token        = 128008 '<|eom_id|>'
nestai-ollama   | print_info: LF token         = 198 'Ċ'
nestai-ollama   | print_info: EOG token        = 128001 '<|end_of_text|>'
nestai-ollama   | print_info: EOG token        = 128008 '<|eom_id|>'
nestai-ollama   | print_info: EOG token        = 128009 '<|eot_id|>'
nestai-ollama   | print_info: max token length = 256
nestai-ollama   | load_tensors: loading model tensors, this can take a while... (mmap = true)
nestai-ollama   | load_tensors: offloading 32 repeating layers to GPU
nestai-ollama   | load_tensors: offloading output layer to GPU
nestai-ollama   | load_tensors: offloaded 33/33 layers to GPU
nestai-ollama   | load_tensors:   CPU_Mapped model buffer size =   281.81 MiB
nestai-ollama   | load_tensors:        CUDA0 model buffer size =  4403.49 MiB
nestai-ollama   | llama_context: constructing llama_context
nestai-ollama   | llama_context: n_seq_max     = 1
nestai-ollama   | llama_context: n_ctx         = 4096
nestai-ollama   | llama_context: n_ctx_seq     = 4096
nestai-ollama   | llama_context: n_batch       = 512
nestai-ollama   | llama_context: n_ubatch      = 512
nestai-ollama   | llama_context: causal_attn   = 1
nestai-ollama   | llama_context: flash_attn    = auto
nestai-ollama   | llama_context: kv_unified    = false
nestai-ollama   | llama_context: freq_base     = 500000.0
nestai-ollama   | llama_context: freq_scale    = 1
nestai-ollama   | llama_context: n_ctx_seq (4096) < n_ctx_train (131072) -- the full capacity of the model will not be utilized
nestai-ollama   | llama_context:  CUDA_Host  output buffer size =     0.50 MiB
nestai-ollama   | llama_kv_cache:      CUDA0 KV buffer size =   512.00 MiB
nestai-ollama   | llama_kv_cache: size =  512.00 MiB (  4096 cells,  32 layers,  1/1 seqs), K (f16):  256.00 MiB, V (f16):  256.00 MiB
nestai-ollama   | llama_context: Flash Attention was auto, set to enabled
nestai-ollama   | llama_context:      CUDA0 compute buffer size =   258.50 MiB
nestai-ollama   | llama_context:  CUDA_Host compute buffer size =    16.01 MiB
nestai-ollama   | llama_context: graph nodes  = 999
nestai-ollama   | llama_context: graph splits = 2
nestai-ollama   | time=2026-04-28T13:43:08.662Z level=INFO source=server.go:1402 msg="llama runner started in 170.86 seconds"
nestai-ollama   | time=2026-04-28T13:43:08.666Z level=INFO source=sched.go:561 msg="loaded runners" count=1
nestai-ollama   | time=2026-04-28T13:43:08.668Z level=INFO source=server.go:1364 msg="waiting for llama runner to start responding"
nestai-ollama   | time=2026-04-28T13:43:08.670Z level=INFO source=server.go:1402 msg="llama runner started in 170.87 seconds"
nestai-ollama   | [GIN] 2026/04/28 - 13:43:09 | 200 |         2m56s |      172.18.0.3 | POST     "/api/generate"
nestai-backend  | [BOT] LLM response received: 9 chars
nestai-backend  | INFO:     172.18.0.1:53366 - "POST /api/bot-pregnant/query HTTP/1.1" 200 OK
nestai-backend  | INFO:     127.0.0.1:49578 - "GET /health HTTP/1.1" 200 OK
nestai-backend  | INFO:     127.0.0.1:43066 - "GET /health HTTP/1.1" 200 OK
nestai-backend  | INFO:     127.0.0.1:43720 - "GET /health HTTP/1.1" 200 OK
nestai-backend  | INFO:     127.0.0.1:44210 - "GET /health HTTP/1.1" 200 OK
nestai-backend  | INFO:     127.0.0.1:41908 - "GET /health HTTP/1.1" 200 OK
nestai-backend  | INFO:     127.0.0.1:46456 - "GET /health HTTP/1.1" 200 OK
nestai-backend  | INFO:     127.0.0.1:57650 - "GET /health HTTP/1.1" 200 OK
nestai-backend  | INFO:     172.18.0.1:60530 - "GET /api/babies?user_id=4f472ae7-32eb-4850-aa8a-d47ecd40c3a3 HTTP/1.1" 307 Temporary Redirect
nestai-backend  | INFO:     172.18.0.1:60534 - "GET /api/tasks?user_id=4f472ae7-32eb-4850-aa8a-d47ecd40c3a3 HTTP/1.1" 307 Temporary Redirect
nestai-backend  | INFO:     172.18.0.1:60514 - "GET /api/babies/?user_id=4f472ae7-32eb-4850-aa8a-d47ecd40c3a3 HTTP/1.1" 200 OK
nestai-backend  | [BOT] Query received: Theo tiêu chuẩn của ADA (2011), đái tháo đường thai kỳ được chẩn đoán dựa trên các giá trị đường huyết nào?
nestai-backend  | [BOT] Retriever initialized
nestai-backend  | [BOT] LLM initialized
nestai-backend  | [BOT] Retrieving documents...
nestai-backend  | [BOT] Retrieved 5 documents
nestai-backend  | [BOT] Context length: 3979
nestai-backend  | [BOT] Invoking LLM...
nestai-ollama   | [GIN] 2026/04/28 - 13:44:11 | 200 |  8.980170465s |      172.18.0.3 | POST     "/api/generate"
nestai-backend  | [BOT] LLM response received: 285 chars
nestai-backend  | INFO:     172.18.0.1:57508 - "POST /api/bot-pregnant/query HTTP/1.1" 200 OK
nestai-backend  | INFO:     172.18.0.1:60530 - "GET /api/admin/spending-breakdown?user_id=4f472ae7-32eb-4850-aa8a-d47ecd40c3a3 HTTP/1.1" 200 OK
nestai-backend  | INFO:     172.18.0.1:60538 - "GET /api/health/current-score?user_id=4f472ae7-32eb-4850-aa8a-d47ecd40c3a3 HTTP/1.1" 200 OK
nestai-backend  | INFO:     172.18.0.1:60534 - "GET /api/health/current-score?user_id=4f472ae7-32eb-4850-aa8a-d47ecd40c3a3 HTTP/1.1" 200 OK
nestai-backend  | INFO:     172.18.0.1:60542 - "GET /api/health/daily-stats?user_id=4f472ae7-32eb-4850-aa8a-d47ecd40c3a3 HTTP/1.1" 200 OK
nestai-backend  | INFO:     172.18.0.1:60558 - "GET /api/admin/spending-breakdown?user_id=4f472ae7-32eb-4850-aa8a-d47ecd40c3a3 HTTP/1.1" 200 OK
nestai-backend  | INFO:     172.18.0.1:60530 - "GET /api/babies?user_id=4f472ae7-32eb-4850-aa8a-d47ecd40c3a3 HTTP/1.1" 307 Temporary Redirect
nestai-backend  | INFO:     172.18.0.1:60538 - "GET /api/tasks?user_id=4f472ae7-32eb-4850-aa8a-d47ecd40c3a3 HTTP/1.1" 307 Temporary Redirect
nestai-backend  | INFO:     127.0.0.1:58834 - "GET /health HTTP/1.1" 200 OK
nestai-backend  | INFO:     127.0.0.1:36340 - "GET /health HTTP/1.1" 200 OK
nestai-backend  | INFO:     172.18.0.1:34274 - "GET /api/babies/?user_id=4f472ae7-32eb-4850-aa8a-d47ecd40c3a3 HTTP/1.1" 200 OK
nestai-backend  | INFO:     127.0.0.1:51292 - "GET /health HTTP/1.1" 200 OK
nestai-backend  | INFO:     172.18.0.1:57508 - "GET /api/health/daily-stats?user_id=4f472ae7-32eb-4850-aa8a-d47ecd40c3a3 HTTP/1.1" 200 OK
nestai-backend  | INFO:     172.18.0.1:34290 - "GET /api/babies/?user_id=4f472ae7-32eb-4850-aa8a-d47ecd40c3a3 HTTP/1.1" 200 OK
nestai-backend  | INFO:     127.0.0.1:54274 - "GET /health HTTP/1.1" 200 OK
nestai-backend  | INFO:     127.0.0.1:35594 - "GET /health HTTP/1.1" 200 OK
nestai-backend  | INFO:     172.18.0.1:60542 - "GET /api/tasks/?user_id=4f472ae7-32eb-4850-aa8a-d47ecd40c3a3 HTTP/1.1" 200 OK
nestai-backend  | INFO:     172.18.0.1:60534 - "GET /api/babies/?user_id=4f472ae7-32eb-4850-aa8a-d47ecd40c3a3 HTTP/1.1" 200 OK
nestai-backend  | INFO:     172.18.0.1:57508 - "GET /api/babies/?user_id=4f472ae7-32eb-4850-aa8a-d47ecd40c3a3 HTTP/1.1" 200 OK
nestai-backend  | INFO:     172.18.0.1:60558 - "GET /api/tasks/?user_id=4f472ae7-32eb-4850-aa8a-d47ecd40c3a3 HTTP/1.1" 200 OK
nestai-backend  | INFO:     172.18.0.1:54118 - "GET /api/babies/?user_id=1764da85-0e0f-428f-a429-cf8faa6cdc21 HTTP/1.1" 200 OK
nestai-backend  | INFO:     127.0.0.1:55706 - "GET /health HTTP/1.1" 200 OK
nestai-backend  | INFO:     172.18.0.1:37116 - "OPTIONS /api/recommendations/profiles HTTP/1.1" 200 OK
nestai-backend  | INFO:     172.18.0.1:37124 - "OPTIONS /api/recommendations/meal-plans/week?user_id=1764da85-0e0f-428f-a429-cf8faa6cdc21&week_start=2026-04-27 HTTP/1.1" 200 OK
nestai-backend  | INFO:     172.18.0.1:37124 - "GET /api/recommendations/profiles HTTP/1.1" 200 OK
nestai-backend  | INFO:     172.18.0.1:37116 - "GET /api/recommendations/meal-plans/week?user_id=1764da85-0e0f-428f-a429-cf8faa6cdc21&week_start=2026-04-27 HTTP/1.1" 200 OK
nestai-backend  | INFO:     172.18.0.1:37126 - "OPTIONS /api/recommendations/profiles HTTP/1.1" 200 OK
nestai-backend  | INFO:     172.18.0.1:37142 - "OPTIONS /api/recommendations/meal-plans/week?user_id=1764da85-0e0f-428f-a429-cf8faa6cdc21&week_start=2026-04-27 HTTP/1.1" 200 OK
nestai-backend  | INFO:     172.18.0.1:37116 - "GET /api/recommendations/meal-plans/week?user_id=1764da85-0e0f-428f-a429-cf8faa6cdc21&week_start=2026-04-27 HTTP/1.1" 200 OK
nestai-backend  | INFO:     172.18.0.1:37142 - "GET /api/recommendations/profiles HTTP/1.1" 200 OK
nestai-backend  | INFO:     127.0.0.1:53082 - "GET /health HTTP/1.1" 200 OK
nestai-backend  | INFO:     127.0.0.1:55740 - "GET /health HTTP/1.1" 200 OK
nestai-backend  | INFO:     127.0.0.1:34924 - "GET /health HTTP/1.1" 200 OK
nestai-backend  | INFO:     172.18.0.1:45644 - "GET /api/babies/?user_id=24f3d644-b3c9-4f06-bda9-42c2e29908a8 HTTP/1.1" 200 OK
nestai-backend  | INFO:     172.18.0.1:45646 - "GET /api/admin/stats HTTP/1.1" 200 OK
nestai-backend  | INFO:     172.18.0.1:45646 - "GET /api/admin/stats HTTP/1.1" 200 OK
nestai-backend  | INFO:     127.0.0.1:38660 - "GET /health HTTP/1.1" 200 OK
nestai-backend  | INFO:     127.0.0.1:35852 - "GET /health HTTP/1.1" 200 OK
nestai-backend  | INFO:     127.0.0.1:41350 - "GET /health HTTP/1.1" 200 OK
nestai-backend  | INFO:     127.0.0.1:43624 - "GET /health HTTP/1.1" 200 OK
nestai-backend  | INFO:     127.0.0.1:34278 - "GET /health HTTP/1.1" 200 OK
nestai-ollama   | time=2026-04-28T13:49:09.527Z level=INFO source=server.go:444 msg="starting runner" cmd="/usr/bin/ollama runner --ollama-engine --port 37773"
nestai-ollama   | time=2026-04-28T13:49:12.496Z level=INFO source=runner.go:464 msg="failure during GPU discovery" OLLAMA_LIBRARY_PATH="[/usr/lib/ollama /usr/lib/ollama/cuda_v12]" extra_envs=map[] error="failed to finish discovery before timeout"
nestai-ollama   | time=2026-04-28T13:49:12.498Z level=WARN source=runner.go:356 msg="unable to refresh free memory, using old values"
nestai-ollama   | time=2026-04-28T13:49:12.751Z level=INFO source=server.go:444 msg="starting runner" cmd="/usr/bin/ollama runner --ollama-engine --port 41037"
nestai-backend  | INFO:     127.0.0.1:49786 - "GET /health HTTP/1.1" 200 OK
nestai-backend  | INFO:     127.0.0.1:54016 - "GET /health HTTP/1.1" 200 OK
nestai-backend  | INFO:     127.0.0.1:35132 - "GET /health HTTP/1.1" 200 OK
nestai-backend  | INFO:     127.0.0.1:51300 - "GET /health HTTP/1.1" 200 OK
nestai-backend  | INFO:     127.0.0.1:40738 - "GET /health HTTP/1.1" 200 OK
nestai-backend  | INFO:     127.0.0.1:40602 - "GET /health HTTP/1.1" 200 OK
nestai-backend  | INFO:     127.0.0.1:52992 - "GET /health HTTP/1.1" 200 OK
nestai-backend  | INFO:     127.0.0.1:42740 - "GET /health HTTP/1.1" 200 OK
nestai-backend  | INFO:     127.0.0.1:54058 - "GET /health HTTP/1.1" 200 OK
nestai-backend  | INFO:     127.0.0.1:42364 - "GET /health HTTP/1.1" 200 OK
nestai-backend  | INFO:     127.0.0.1:50830 - "GET /health HTTP/1.1" 200 OK
nestai-backend  | INFO:     127.0.0.1:37454 - "GET /health HTTP/1.1" 200 OK
nestai-backend  | INFO:     127.0.0.1:44740 - "GET /health HTTP/1.1" 200 OK
nestai-backend  | INFO:     127.0.0.1:38912 - "GET /health HTTP/1.1" 200 OK
nestai-backend  | INFO:     127.0.0.1:55454 - "GET /health HTTP/1.1" 200 OK
nestai-backend  | INFO:     127.0.0.1:33586 - "GET /health HTTP/1.1" 200 OK
nestai-backend  | INFO:     127.0.0.1:60214 - "GET /health HTTP/1.1" 200 OK
nestai-backend  | INFO:     127.0.0.1:41298 - "GET /health HTTP/1.1" 200 OK
nestai-backend  | INFO:     127.0.0.1:32970 - "GET /health HTTP/1.1" 200 OK
nestai-backend  | INFO:     127.0.0.1:40210 - "GET /health HTTP/1.1" 200 OK
nestai-backend  | INFO:     127.0.0.1:44844 - "GET /health HTTP/1.1" 200 OK
nestai-backend  | INFO:     127.0.0.1:33172 - "GET /health HTTP/1.1" 200 OK
nestai-backend  | INFO:     127.0.0.1:58824 - "GET /health HTTP/1.1" 200 OK
nestai-backend  | INFO:     127.0.0.1:45986 - "GET /health HTTP/1.1" 200 OK
nestai-backend  | INFO:     127.0.0.1:54438 - "GET /health HTTP/1.1" 200 OK
nestai-backend  | WARNING:  WatchFiles detected changes in 'app/api/routes/bot_pregnant.py'. Reloading...
nestai-backend  | INFO:     Shutting down
nestai-backend  | INFO:     Waiting for application shutdown.
nestai-backend  |  Backend shutting down...
nestai-backend  | INFO:     Application shutdown complete.
nestai-backend  | INFO:     Finished server process [8]
nestai-backend  | INFO:     Started server process [399]
nestai-backend  | INFO:     Waiting for application startup.
nestai-backend  |  Backend starting...
nestai-backend  | INFO:     Application startup complete.
nestai-backend  | INFO:     127.0.0.1:58814 - "GET /health HTTP/1.1" 200 OK
nestai-backend  | INFO:     127.0.0.1:44376 - "GET /health HTTP/1.1" 200 OK
nestai-backend  | INFO:     127.0.0.1:38060 - "GET /health HTTP/1.1" 200 OK
nestai-backend  | INFO:     172.18.0.1:54552 - "OPTIONS /api/bot-pregnant/query HTTP/1.1" 200 OK
nestai-backend  | [BOT] Query received: Theo tiêu chuẩn của ADA (2011), đái tháo đường thai kỳ được chẩn đoán dựa trên các giá trị đường huyết nào?
nestai-backend  | [BOT] Loading vector DB from: /app/agents/bot-pregnant/data/vectordb
Loading weights: 100%|██████████| 391/391 [00:00<00:00, 7513.88it/s]
nestai-backend  | [BOT] Vector DB loaded successfully
nestai-backend  | [BOT] Retriever initialized
nestai-backend  | [BOT] LLM initialized
nestai-backend  | [BOT] Retrieving documents...
nestai-backend  | [BOT] Retrieved 0 documents
nestai-backend  | [BOT] Context length: 0
nestai-backend  | [BOT] Invoking LLM...
nestai-ollama   | time=2026-04-28T14:04:30.846Z level=INFO source=server.go:444 msg="starting runner" cmd="/usr/bin/ollama runner --ollama-engine --port 33431"
nestai-ollama   | time=2026-04-28T14:04:33.811Z level=INFO source=runner.go:464 msg="failure during GPU discovery" OLLAMA_LIBRARY_PATH="[/usr/lib/ollama /usr/lib/ollama/cuda_v12]" extra_envs=map[] error="failed to finish discovery before timeout"
nestai-ollama   | time=2026-04-28T14:04:33.813Z level=WARN source=runner.go:356 msg="unable to refresh free memory, using old values"
nestai-ollama   | time=2026-04-28T14:04:33.819Z level=WARN source=cpu_linux.go:130 msg="failed to parse CPU allowed micro secs" error="strconv.ParseInt: parsing \"max\": invalid syntax"
nestai-ollama   | llama_model_loader: loaded meta data with 29 key-value pairs and 292 tensors from /root/.ollama/models/blobs/sha256-667b0c1932bc6ffc593ed1d03f895bf2dc8dc6df21db3042284a6f4416b06a29 (version GGUF V3 (latest))
nestai-ollama   | llama_model_loader: Dumping metadata keys/values. Note: KV overrides do not apply in this output.
nestai-ollama   | llama_model_loader: - kv   0:                       general.architecture str              = llama
nestai-ollama   | llama_model_loader: - kv   1:                               general.type str              = model
nestai-ollama   | llama_model_loader: - kv   2:                               general.name str              = Meta Llama 3.1 8B Instruct
nestai-ollama   | llama_model_loader: - kv   3:                           general.finetune str              = Instruct
nestai-ollama   | llama_model_loader: - kv   4:                           general.basename str              = Meta-Llama-3.1
nestai-ollama   | llama_model_loader: - kv   5:                         general.size_label str              = 8B
nestai-ollama   | llama_model_loader: - kv   6:                            general.license str              = llama3.1
nestai-ollama   | llama_model_loader: - kv   7:                               general.tags arr[str,6]       = ["facebook", "meta", "pytorch", "llam...
nestai-ollama   | llama_model_loader: - kv   8:                          general.languages arr[str,8]       = ["en", "de", "fr", "it", "pt", "hi", ...
nestai-ollama   | llama_model_loader: - kv   9:                          llama.block_count u32              = 32
nestai-ollama   | llama_model_loader: - kv  10:                       llama.context_length u32              = 131072
nestai-ollama   | llama_model_loader: - kv  11:                     llama.embedding_length u32              = 4096
nestai-ollama   | llama_model_loader: - kv  12:                  llama.feed_forward_length u32              = 14336
nestai-ollama   | llama_model_loader: - kv  13:                 llama.attention.head_count u32              = 32
nestai-ollama   | llama_model_loader: - kv  14:              llama.attention.head_count_kv u32              = 8
nestai-ollama   | llama_model_loader: - kv  15:                       llama.rope.freq_base f32              = 500000.000000
nestai-ollama   | llama_model_loader: - kv  16:     llama.attention.layer_norm_rms_epsilon f32              = 0.000010
nestai-ollama   | llama_model_loader: - kv  17:                          general.file_type u32              = 15
nestai-ollama   | llama_model_loader: - kv  18:                           llama.vocab_size u32              = 128256
nestai-ollama   | llama_model_loader: - kv  19:                 llama.rope.dimension_count u32              = 128
nestai-ollama   | llama_model_loader: - kv  20:                       tokenizer.ggml.model str              = gpt2
nestai-ollama   | llama_model_loader: - kv  21:                         tokenizer.ggml.pre str              = llama-bpe
nestai-ollama   | llama_model_loader: - kv  22:                      tokenizer.ggml.tokens arr[str,128256]  = ["!", "\"", "#", "$", "%", "&", "'", ...
nestai-ollama   | llama_model_loader: - kv  23:                  tokenizer.ggml.token_type arr[i32,128256]  = [1, 1, 1, 1, 1, 1, 1, 1, 1, 1, 1, 1, ...
nestai-ollama   | llama_model_loader: - kv  24:                      tokenizer.ggml.merges arr[str,280147]  = ["Ġ Ġ", "Ġ ĠĠĠ", "ĠĠ ĠĠ", "...
nestai-ollama   | llama_model_loader: - kv  25:                tokenizer.ggml.bos_token_id u32              = 128000
nestai-ollama   | llama_model_loader: - kv  26:                tokenizer.ggml.eos_token_id u32              = 128009
nestai-ollama   | llama_model_loader: - kv  27:                    tokenizer.chat_template str              = {{- bos_token }}\n{%- if custom_tools ...
nestai-ollama   | llama_model_loader: - kv  28:               general.quantization_version u32              = 2
nestai-ollama   | llama_model_loader: - type  f32:   66 tensors
nestai-ollama   | llama_model_loader: - type q4_K:  193 tensors
nestai-ollama   | llama_model_loader: - type q6_K:   33 tensors
nestai-ollama   | print_info: file format = GGUF V3 (latest)
nestai-ollama   | print_info: file type   = Q4_K - Medium
nestai-ollama   | print_info: file size   = 4.58 GiB (4.89 BPW)
nestai-ollama   | load: printing all EOG tokens:
nestai-ollama   | load:   - 128001 ('<|end_of_text|>')
nestai-ollama   | load:   - 128008 ('<|eom_id|>')
nestai-ollama   | load:   - 128009 ('<|eot_id|>')
nestai-ollama   | load: special tokens cache size = 256
nestai-ollama   | load: token to piece cache size = 0.7999 MB
nestai-ollama   | print_info: arch             = llama
nestai-ollama   | print_info: vocab_only       = 1
nestai-ollama   | print_info: no_alloc         = 0
nestai-ollama   | print_info: model type       = ?B
nestai-ollama   | print_info: model params     = 8.03 B
nestai-ollama   | print_info: general.name     = Meta Llama 3.1 8B Instruct
nestai-ollama   | print_info: vocab type       = BPE
nestai-ollama   | print_info: n_vocab          = 128256
nestai-ollama   | print_info: n_merges         = 280147
nestai-ollama   | print_info: BOS token        = 128000 '<|begin_of_text|>'
nestai-ollama   | print_info: EOS token        = 128009 '<|eot_id|>'
nestai-ollama   | print_info: EOT token        = 128009 '<|eot_id|>'
nestai-ollama   | print_info: EOM token        = 128008 '<|eom_id|>'
nestai-ollama   | print_info: LF token         = 198 'Ċ'
nestai-ollama   | print_info: EOG token        = 128001 '<|end_of_text|>'
nestai-ollama   | print_info: EOG token        = 128008 '<|eom_id|>'
nestai-ollama   | print_info: EOG token        = 128009 '<|eot_id|>'
nestai-ollama   | print_info: max token length = 256
nestai-ollama   | llama_model_load: vocab only - skipping tensors
nestai-ollama   | time=2026-04-28T14:04:35.216Z level=INFO source=server.go:444 msg="starting runner" cmd="/usr/bin/ollama runner --model /root/.ollama/models/blobs/sha256-667b0c1932bc6ffc593ed1d03f895bf2dc8dc6df21db3042284a6f4416b06a29 --port 34157"
nestai-ollama   | time=2026-04-28T14:04:35.225Z level=INFO source=sched.go:484 msg="system memory" total="9.7 GiB" free="5.1 GiB" free_swap="3.8 GiB"
nestai-ollama   | time=2026-04-28T14:04:35.227Z level=INFO source=sched.go:491 msg="gpu memory" id=GPU-1e7167e5-42eb-fe51-4292-7770b63555ec library=CUDA available="2.1 GiB" free="2.6 GiB" minimum="457.0 MiB" overhead="0 B"
nestai-ollama   | time=2026-04-28T14:04:35.227Z level=INFO source=server.go:511 msg="loading model" "model layers"=33 requested=-1
nestai-ollama   | time=2026-04-28T14:04:35.235Z level=INFO source=device.go:240 msg="model weights" device=CUDA0 size="1.1 GiB"
nestai-ollama   | time=2026-04-28T14:04:35.235Z level=INFO source=device.go:245 msg="model weights" device=CPU size="3.2 GiB"
nestai-ollama   | time=2026-04-28T14:04:35.235Z level=INFO source=device.go:251 msg="kv cache" device=CUDA0 size="144.0 MiB"
nestai-ollama   | time=2026-04-28T14:04:35.235Z level=INFO source=device.go:256 msg="kv cache" device=CPU size="368.0 MiB"
nestai-ollama   | time=2026-04-28T14:04:35.235Z level=INFO source=device.go:262 msg="compute graph" device=CUDA0 size="677.5 MiB"
nestai-ollama   | time=2026-04-28T14:04:35.235Z level=INFO source=device.go:272 msg="total memory" size="5.5 GiB"
nestai-ollama   | time=2026-04-28T14:04:35.421Z level=INFO source=runner.go:965 msg="starting go runner"
nestai-ollama   | load_backend: loaded CPU backend from /usr/lib/ollama/libggml-cpu-icelake.so
nestai-ollama   | ggml_cuda_init: GGML_CUDA_FORCE_MMQ:    no
nestai-ollama   | ggml_cuda_init: GGML_CUDA_FORCE_CUBLAS: no
nestai-ollama   | ggml_cuda_init: found 1 CUDA devices:
nestai-ollama   |   Device 0: NVIDIA GeForce RTX 4060 Laptop GPU, compute capability 8.9, VMM: yes, ID: GPU-1e7167e5-42eb-fe51-4292-7770b63555ec
nestai-ollama   | load_backend: loaded CUDA backend from /usr/lib/ollama/cuda_v12/libggml-cuda.so
nestai-ollama   | time=2026-04-28T14:04:39.904Z level=INFO source=ggml.go:104 msg=system CPU.0.SSE3=1 CPU.0.SSSE3=1 CPU.0.AVX=1 CPU.0.AVX2=1 CPU.0.F16C=1 CPU.0.FMA=1 CPU.0.BMI2=1 CPU.0.AVX512=1 CPU.0.AVX512_VBMI=1 CPU.0.AVX512_VNNI=1 CPU.0.LLAMAFILE=1 CPU.1.LLAMAFILE=1 CUDA.0.ARCHS=500,520,600,610,700,750,800,860,890,900,1200 CUDA.0.USE_GRAPHS=1 CUDA.0.PEER_MAX_BATCH_SIZE=128 compiler=cgo(gcc)
nestai-ollama   | time=2026-04-28T14:04:39.926Z level=INFO source=runner.go:1001 msg="Server listening on 127.0.0.1:34157"
nestai-ollama   | time=2026-04-28T14:04:39.942Z level=INFO source=runner.go:895 msg=load request="{Operation:commit LoraPath:[] Parallel:1 BatchSize:512 FlashAttention:Auto KvSize:4096 KvCacheType: NumThreads:2 GPULayers:9[ID:GPU-1e7167e5-42eb-fe51-4292-7770b63555ec Layers:9(23..31)] MultiUserCache:false ProjectorPath: MainGPU:0 UseMmap:false}"
nestai-ollama   | time=2026-04-28T14:04:39.945Z level=INFO source=server.go:1364 msg="waiting for llama runner to start responding"
nestai-ollama   | time=2026-04-28T14:04:39.947Z level=INFO source=server.go:1398 msg="waiting for server to become available" status="llm server loading model"
nestai-ollama   | ggml_backend_cuda_device_get_memory device GPU-1e7167e5-42eb-fe51-4292-7770b63555ec utilizing NVML memory reporting free: 8342994944 total: 8585740288
nestai-ollama   | llama_model_load_from_file_impl: using device CUDA0 (NVIDIA GeForce RTX 4060 Laptop GPU) (0000:01:00.0) - 7956 MiB free
nestai-ollama   | llama_model_loader: loaded meta data with 29 key-value pairs and 292 tensors from /root/.ollama/models/blobs/sha256-667b0c1932bc6ffc593ed1d03f895bf2dc8dc6df21db3042284a6f4416b06a29 (version GGUF V3 (latest))
nestai-ollama   | llama_model_loader: Dumping metadata keys/values. Note: KV overrides do not apply in this output.
nestai-ollama   | llama_model_loader: - kv   0:                       general.architecture str              = llama
nestai-ollama   | llama_model_loader: - kv   1:                               general.type str              = model
nestai-ollama   | llama_model_loader: - kv   2:                               general.name str              = Meta Llama 3.1 8B Instruct
nestai-ollama   | llama_model_loader: - kv   3:                           general.finetune str              = Instruct
nestai-ollama   | llama_model_loader: - kv   4:                           general.basename str              = Meta-Llama-3.1
nestai-ollama   | llama_model_loader: - kv   5:                         general.size_label str              = 8B
nestai-ollama   | llama_model_loader: - kv   6:                            general.license str              = llama3.1
nestai-ollama   | llama_model_loader: - kv   7:                               general.tags arr[str,6]       = ["facebook", "meta", "pytorch", "llam...
nestai-ollama   | llama_model_loader: - kv   8:                          general.languages arr[str,8]       = ["en", "de", "fr", "it", "pt", "hi", ...
nestai-ollama   | llama_model_loader: - kv   9:                          llama.block_count u32              = 32
nestai-ollama   | llama_model_loader: - kv  10:                       llama.context_length u32              = 131072
nestai-ollama   | llama_model_loader: - kv  11:                     llama.embedding_length u32              = 4096
nestai-ollama   | llama_model_loader: - kv  12:                  llama.feed_forward_length u32              = 14336
nestai-ollama   | llama_model_loader: - kv  13:                 llama.attention.head_count u32              = 32
nestai-ollama   | llama_model_loader: - kv  14:              llama.attention.head_count_kv u32              = 8
nestai-ollama   | llama_model_loader: - kv  15:                       llama.rope.freq_base f32              = 500000.000000
nestai-ollama   | llama_model_loader: - kv  16:     llama.attention.layer_norm_rms_epsilon f32              = 0.000010
nestai-ollama   | llama_model_loader: - kv  17:                          general.file_type u32              = 15
nestai-ollama   | llama_model_loader: - kv  18:                           llama.vocab_size u32              = 128256
nestai-ollama   | llama_model_loader: - kv  19:                 llama.rope.dimension_count u32              = 128
nestai-ollama   | llama_model_loader: - kv  20:                       tokenizer.ggml.model str              = gpt2
nestai-ollama   | llama_model_loader: - kv  21:                         tokenizer.ggml.pre str              = llama-bpe
nestai-ollama   | llama_model_loader: - kv  22:                      tokenizer.ggml.tokens arr[str,128256]  = ["!", "\"", "#", "$", "%", "&", "'", ...
nestai-ollama   | llama_model_loader: - kv  23:                  tokenizer.ggml.token_type arr[i32,128256]  = [1, 1, 1, 1, 1, 1, 1, 1, 1, 1, 1, 1, ...
nestai-ollama   | llama_model_loader: - kv  24:                      tokenizer.ggml.merges arr[str,280147]  = ["Ġ Ġ", "Ġ ĠĠĠ", "ĠĠ ĠĠ", "...
nestai-ollama   | llama_model_loader: - kv  25:                tokenizer.ggml.bos_token_id u32              = 128000
nestai-ollama   | llama_model_loader: - kv  26:                tokenizer.ggml.eos_token_id u32              = 128009
nestai-ollama   | llama_model_loader: - kv  27:                    tokenizer.chat_template str              = {{- bos_token }}\n{%- if custom_tools ...
nestai-ollama   | llama_model_loader: - kv  28:               general.quantization_version u32              = 2
nestai-ollama   | llama_model_loader: - type  f32:   66 tensors
nestai-ollama   | llama_model_loader: - type q4_K:  193 tensors
nestai-ollama   | llama_model_loader: - type q6_K:   33 tensors
nestai-ollama   | print_info: file format = GGUF V3 (latest)
nestai-ollama   | print_info: file type   = Q4_K - Medium
nestai-ollama   | print_info: file size   = 4.58 GiB (4.89 BPW)
nestai-ollama   | load: printing all EOG tokens:
nestai-ollama   | load:   - 128001 ('<|end_of_text|>')
nestai-ollama   | load:   - 128008 ('<|eom_id|>')
nestai-ollama   | load:   - 128009 ('<|eot_id|>')
nestai-ollama   | load: special tokens cache size = 256
nestai-ollama   | load: token to piece cache size = 0.7999 MB
nestai-ollama   | print_info: arch             = llama
nestai-ollama   | print_info: vocab_only       = 0
nestai-ollama   | print_info: no_alloc         = 0
nestai-ollama   | print_info: n_ctx_train      = 131072
nestai-ollama   | print_info: n_embd           = 4096
nestai-ollama   | print_info: n_embd_inp       = 4096
nestai-ollama   | print_info: n_layer          = 32
nestai-ollama   | print_info: n_head           = 32
nestai-ollama   | print_info: n_head_kv        = 8
nestai-ollama   | print_info: n_rot            = 128
nestai-ollama   | print_info: n_swa            = 0
nestai-ollama   | print_info: is_swa_any       = 0
nestai-ollama   | print_info: n_embd_head_k    = 128
nestai-ollama   | print_info: n_embd_head_v    = 128
nestai-ollama   | print_info: n_gqa            = 4
nestai-ollama   | print_info: n_embd_k_gqa     = 1024
nestai-ollama   | print_info: n_embd_v_gqa     = 1024
nestai-ollama   | print_info: f_norm_eps       = 0.0e+00
nestai-ollama   | print_info: f_norm_rms_eps   = 1.0e-05
nestai-ollama   | print_info: f_clamp_kqv      = 0.0e+00
nestai-ollama   | print_info: f_max_alibi_bias = 0.0e+00
nestai-ollama   | print_info: f_logit_scale    = 0.0e+00
nestai-ollama   | print_info: f_attn_scale     = 0.0e+00
nestai-ollama   | print_info: n_ff             = 14336
nestai-ollama   | print_info: n_expert         = 0
nestai-ollama   | print_info: n_expert_used    = 0
nestai-ollama   | print_info: n_expert_groups  = 0
nestai-ollama   | print_info: n_group_used     = 0
nestai-ollama   | print_info: causal attn      = 1
nestai-ollama   | print_info: pooling type     = 0
nestai-ollama   | print_info: rope type        = 0
nestai-ollama   | print_info: rope scaling     = linear
nestai-ollama   | print_info: freq_base_train  = 500000.0
nestai-ollama   | print_info: freq_scale_train = 1
nestai-ollama   | print_info: n_ctx_orig_yarn  = 131072
nestai-ollama   | print_info: rope_yarn_log_mul= 0.0000
nestai-ollama   | print_info: rope_finetuned   = unknown
nestai-ollama   | print_info: model type       = 8B
nestai-ollama   | print_info: model params     = 8.03 B
nestai-ollama   | print_info: general.name     = Meta Llama 3.1 8B Instruct
nestai-ollama   | print_info: vocab type       = BPE
nestai-ollama   | print_info: n_vocab          = 128256
nestai-ollama   | print_info: n_merges         = 280147
nestai-ollama   | print_info: BOS token        = 128000 '<|begin_of_text|>'
nestai-ollama   | print_info: EOS token        = 128009 '<|eot_id|>'
nestai-ollama   | print_info: EOT token        = 128009 '<|eot_id|>'
nestai-ollama   | print_info: EOM token        = 128008 '<|eom_id|>'
nestai-ollama   | print_info: LF token         = 198 'Ċ'
nestai-ollama   | print_info: EOG token        = 128001 '<|end_of_text|>'
nestai-ollama   | print_info: EOG token        = 128008 '<|eom_id|>'
nestai-ollama   | print_info: EOG token        = 128009 '<|eot_id|>'
nestai-ollama   | print_info: max token length = 256
nestai-ollama   | load_tensors: loading model tensors, this can take a while... (mmap = false)
nestai-ollama   | load_tensors: offloading 9 repeating layers to GPU
nestai-ollama   | load_tensors: offloaded 9/33 layers to GPU
nestai-ollama   | load_tensors:          CPU model buffer size =   281.81 MiB
nestai-ollama   | load_tensors:        CUDA0 model buffer size =  1146.09 MiB
nestai-ollama   | load_tensors:    CUDA_Host model buffer size =  3257.40 MiB
